../Drivers/STM32H7xx_HAL_Driver/Inc/stm32h7xx_ll_system.h:2333:22:LL_FLASH_SetLatency	16	static
../Drivers/STM32H7xx_HAL_Driver/Inc/stm32h7xx_ll_system.h:2351:26:LL_FLASH_GetLatency	4	static
../Drivers/STM32H7xx_HAL_Driver/Inc/stm32h7xx_ll_utils.h:351:22:LL_InitTick	16	static
../Drivers/STM32H7xx_HAL_Driver/Inc/stm32h7xx_ll_rcc.h:1629:22:LL_RCC_HSE_EnableBypass	4	static
../Drivers/STM32H7xx_HAL_Driver/Inc/stm32h7xx_ll_rcc.h:1639:22:LL_RCC_HSE_DisableBypass	4	static
../Drivers/STM32H7xx_HAL_Driver/Inc/stm32h7xx_ll_rcc.h:1671:22:LL_RCC_HSE_Enable	4	static
../Drivers/STM32H7xx_HAL_Driver/Inc/stm32h7xx_ll_rcc.h:1691:26:LL_RCC_HSE_IsReady	4	static
../Drivers/STM32H7xx_HAL_Driver/Inc/stm32h7xx_ll_rcc.h:1709:22:LL_RCC_HSI_Enable	4	static
../Drivers/STM32H7xx_HAL_Driver/Inc/stm32h7xx_ll_rcc.h:1729:26:LL_RCC_HSI_IsReady	4	static
../Drivers/STM32H7xx_HAL_Driver/Inc/stm32h7xx_ll_rcc.h:1768:26:LL_RCC_HSI_GetDivider	4	static
../Drivers/STM32H7xx_HAL_Driver/Inc/stm32h7xx_ll_rcc.h:2410:22:LL_RCC_SetSysClkSource	16	static
../Drivers/STM32H7xx_HAL_Driver/Inc/stm32h7xx_ll_rcc.h:2424:26:LL_RCC_GetSysClkSource	4	static
../Drivers/STM32H7xx_HAL_Driver/Inc/stm32h7xx_ll_rcc.h:2494:22:LL_RCC_SetSysPrescaler	16	static
../Drivers/STM32H7xx_HAL_Driver/Inc/stm32h7xx_ll_rcc.h:2518:22:LL_RCC_SetAHBPrescaler	16	static
../Drivers/STM32H7xx_HAL_Driver/Inc/stm32h7xx_ll_rcc.h:2538:22:LL_RCC_SetAPB1Prescaler	16	static
../Drivers/STM32H7xx_HAL_Driver/Inc/stm32h7xx_ll_rcc.h:2558:22:LL_RCC_SetAPB2Prescaler	16	static
../Drivers/STM32H7xx_HAL_Driver/Inc/stm32h7xx_ll_rcc.h:2578:22:LL_RCC_SetAPB3Prescaler	16	static
../Drivers/STM32H7xx_HAL_Driver/Inc/stm32h7xx_ll_rcc.h:2598:22:LL_RCC_SetAPB4Prescaler	16	static
../Drivers/STM32H7xx_HAL_Driver/Inc/stm32h7xx_ll_rcc.h:4303:22:LL_RCC_PLL_SetSource	16	static
../Drivers/STM32H7xx_HAL_Driver/Inc/stm32h7xx_ll_rcc.h:4327:22:LL_RCC_PLL1_Enable	4	static
../Drivers/STM32H7xx_HAL_Driver/Inc/stm32h7xx_ll_rcc.h:4348:26:LL_RCC_PLL1_IsReady	4	static
../Drivers/STM32H7xx_HAL_Driver/Inc/stm32h7xx_ll_rcc.h:4359:22:LL_RCC_PLL1P_Enable	4	static
../Drivers/STM32H7xx_HAL_Driver/Inc/stm32h7xx_ll_rcc.h:4391:22:LL_RCC_PLL1FRACN_Enable	4	static
../Drivers/STM32H7xx_HAL_Driver/Inc/stm32h7xx_ll_rcc.h:4488:22:LL_RCC_PLL1_SetVCOOutputRange	16	static
../Drivers/STM32H7xx_HAL_Driver/Inc/stm32h7xx_ll_rcc.h:4504:22:LL_RCC_PLL1_SetVCOInputRange	16	static
../Drivers/STM32H7xx_HAL_Driver/Inc/stm32h7xx_ll_rcc.h:4575:22:LL_RCC_PLL1_SetN	16	static
../Drivers/STM32H7xx_HAL_Driver/Inc/stm32h7xx_ll_rcc.h:4586:22:LL_RCC_PLL1_SetM	16	static
../Drivers/STM32H7xx_HAL_Driver/Inc/stm32h7xx_ll_rcc.h:4599:22:LL_RCC_PLL1_SetP	16	static
../Drivers/STM32H7xx_HAL_Driver/Inc/stm32h7xx_ll_rcc.h:4631:22:LL_RCC_PLL1_SetFRACN	16	static
../Drivers/STM32H7xx_HAL_Driver/Inc/stm32h7xx_ll_rcc.h:4662:26:LL_RCC_PLL2_IsReady	4	static
../Drivers/STM32H7xx_HAL_Driver/Inc/stm32h7xx_ll_rcc.h:4974:26:LL_RCC_PLL3_IsReady	4	static
../Drivers/STM32H7xx_HAL_Driver/Inc/stm32h7xx_ll_pwr.h:1595:26:LL_PWR_GetRegulVoltageScaling	4	static
../Drivers/STM32H7xx_HAL_Driver/Src/stm32h7xx_ll_utils.c:288:6:LL_Init1msTick	16	static
../Drivers/STM32H7xx_HAL_Driver/Src/stm32h7xx_ll_utils.c:305:6:LL_mDelay	24	static
../Drivers/STM32H7xx_HAL_Driver/Src/stm32h7xx_ll_utils.c:473:6:LL_SetSystemCoreClock	16	static
../Drivers/STM32H7xx_HAL_Driver/Src/stm32h7xx_ll_utils.c:500:13:LL_PLL_ConfigSystemClock_HSI	32	static
../Drivers/STM32H7xx_HAL_Driver/Src/stm32h7xx_ll_utils.c:596:13:LL_PLL_ConfigSystemClock_HSE	32	static
../Drivers/STM32H7xx_HAL_Driver/Src/stm32h7xx_ll_utils.c:690:13:LL_SetFlashLatency	32	static
../Drivers/STM32H7xx_HAL_Driver/Src/stm32h7xx_ll_utils.c:919:17:UTILS_GetPLLOutputFrequency	32	static
../Drivers/STM32H7xx_HAL_Driver/Src/stm32h7xx_ll_utils.c:940:20:UTILS_IsPLLsReady	16	static
../Drivers/STM32H7xx_HAL_Driver/Src/stm32h7xx_ll_utils.c:977:20:UTILS_EnablePLLAndSwitchSystem	24	static
